Werkzeug appears to be used in a production deployment. Consider switching to a production web server instead.
[BullWatch Engine] Port 34000'de başlıyor...
 * Serving Flask app 'engine'
 * Debug mode: off
[31m[1mWARNING: This is a development server. Do not use it in a production deployment. Use a production WSGI server instead.[0m
 * Running on all addresses (0.0.0.0)
 * Running on http://127.0.0.1:34000
 * Running on http://192.168.1.116:34000
[33mPress CTRL+C to quit[0m
/home/zkr-kripto2/Belgeler/uygulama2/.venv/lib/python3.13/site-packages/sklearn/base.py:525: InconsistentVersionWarning: Trying to unpickle estimator StandardScaler from version 1.7.0 when using version 1.9.0. This might lead to breaking code or invalid results. Use at your own risk. For more info please refer to:
https://scikit-learn.org/stable/model_persistence.html#security-maintainability-limitations
  warnings.warn(
/home/zkr-kripto2/Belgeler/uygulama2/.venv/lib/python3.13/site-packages/lightning/pytorch/utilities/parsing.py:213: Attribute 'loss' is an instance of `nn.Module` and is already saved during checkpointing. It is recommended to ignore them using `self.save_hyperparameters(ignore=['loss'])`.
/home/zkr-kripto2/Belgeler/uygulama2/.venv/lib/python3.13/site-packages/lightning/pytorch/utilities/parsing.py:213: Attribute 'logging_metrics' is an instance of `nn.Module` and is already saved during checkpointing. It is recommended to ignore them using `self.save_hyperparameters(ignore=['logging_metrics'])`.
/home/zkr-kripto2/Belgeler/uygulama2/.venv/lib/python3.13/site-packages/sklearn/base.py:525: InconsistentVersionWarning: Trying to unpickle estimator StandardScaler from version 1.7.0 when using version 1.9.0. This might lead to breaking code or invalid results. Use at your own risk. For more info please refer to:
https://scikit-learn.org/stable/model_persistence.html#security-maintainability-limitations
  warnings.warn(
/home/zkr-kripto2/Belgeler/uygulama2/.venv/lib/python3.13/site-packages/sklearn/base.py:525: InconsistentVersionWarning: Trying to unpickle estimator StandardScaler from version 1.7.0 when using version 1.9.0. This might lead to breaking code or invalid results. Use at your own risk. For more info please refer to:
https://scikit-learn.org/stable/model_persistence.html#security-maintainability-limitations
  warnings.warn(
/home/zkr-kripto2/Belgeler/uygulama2/.venv/lib/python3.13/site-packages/lightning/pytorch/utilities/parsing.py:213: Attribute 'loss' is an instance of `nn.Module` and is already saved during checkpointing. It is recommended to ignore them using `self.save_hyperparameters(ignore=['loss'])`.
/home/zkr-kripto2/Belgeler/uygulama2/.venv/lib/python3.13/site-packages/lightning/pytorch/utilities/parsing.py:213: Attribute 'logging_metrics' is an instance of `nn.Module` and is already saved during checkpointing. It is recommended to ignore them using `self.save_hyperparameters(ignore=['logging_metrics'])`.
/home/zkr-kripto2/Belgeler/uygulama2/.venv/lib/python3.13/site-packages/sklearn/base.py:525: InconsistentVersionWarning: Trying to unpickle estimator StandardScaler from version 1.7.0 when using version 1.9.0. This might lead to breaking code or invalid results. Use at your own risk. For more info please refer to:
https://scikit-learn.org/stable/model_persistence.html#security-maintainability-limitations
  warnings.warn(
/home/zkr-kripto2/Belgeler/uygulama2/.venv/lib/python3.13/site-packages/sklearn/base.py:525: InconsistentVersionWarning: Trying to unpickle estimator StandardScaler from version 1.7.0 when using version 1.9.0. This might lead to breaking code or invalid results. Use at your own risk. For more info please refer to:
https://scikit-learn.org/stable/model_persistence.html#security-maintainability-limitations
  warnings.warn(
/home/zkr-kripto2/Belgeler/uygulama2/.venv/lib/python3.13/site-packages/lightning/pytorch/utilities/parsing.py:213: Attribute 'loss' is an instance of `nn.Module` and is already saved during checkpointing. It is recommended to ignore them using `self.save_hyperparameters(ignore=['loss'])`.
/home/zkr-kripto2/Belgeler/uygulama2/.venv/lib/python3.13/site-packages/lightning/pytorch/utilities/parsing.py:213: Attribute 'logging_metrics' is an instance of `nn.Module` and is already saved during checkpointing. It is recommended to ignore them using `self.save_hyperparameters(ignore=['logging_metrics'])`.
/home/zkr-kripto2/Belgeler/uygulama2/.venv/lib/python3.13/site-packages/sklearn/base.py:525: InconsistentVersionWarning: Trying to unpickle estimator StandardScaler from version 1.7.0 when using version 1.9.0. This might lead to breaking code or invalid results. Use at your own risk. For more info please refer to:
https://scikit-learn.org/stable/model_persistence.html#security-maintainability-limitations
  warnings.warn(
127.0.0.1 - - [04/Jun/2026 01:47:57] "GET / HTTP/1.1" 200 -
127.0.0.1 - - [04/Jun/2026 01:47:57] "GET /chat HTTP/1.1" 200 -
127.0.0.1 - - [04/Jun/2026 01:47:57] "GET /api/health HTTP/1.1" 200 -
127.0.0.1 - - [04/Jun/2026 01:48:09] "GET / HTTP/1.1" 200 -
GPU available: True (cuda), used: True
TPU available: False, using: 0 TPU cores
/home/zkr-kripto2/Belgeler/uygulama2/.venv/lib/python3.13/site-packages/lightning/pytorch/trainer/connectors/logger_connector/logger_connector.py:76: Starting from v1.9.0, `tensorboardX` has been removed as a dependency of the `lightning.pytorch` package, due to potential conflicts with other packages in the ML ecosystem. For this reason, `logger=True` will use `CSVLogger` as the default logger, unless the `tensorboard` or `tensorboardX` packages are found. Please `pip install lightning[extra]` or one of them to enable TensorBoard support by default
💡 Tip: For seamless cloud logging and experiment tracking, try installing [litlogger](https://pypi.org/project/litlogger/) to enable LitLogger, which logs metrics and artifacts automatically to the Lightning Experiments platform.
💡 Tip: For seamless cloud uploads and versioning, try installing [litmodels](https://pypi.org/project/litmodels/) to enable LitModelCheckpoint, which syncs automatically with the Lightning model registry.
You are using a CUDA device ('NVIDIA GeForce RTX 5060 Ti') that has Tensor Cores. To properly utilize them, you should set `torch.set_float32_matmul_precision('medium' | 'high')` which will trade-off precision for performance. For more details, read https://pytorch.org/docs/stable/generated/torch.set_float32_matmul_precision.html#torch.set_float32_matmul_precision
LOCAL_RANK: 0 - CUDA_VISIBLE_DEVICES: [0]
/home/zkr-kripto2/Belgeler/uygulama2/.venv/lib/python3.13/site-packages/lightning/pytorch/utilities/_pytree.py:21: `isinstance(treespec, LeafSpec)` is deprecated, use `isinstance(treespec, TreeSpec) and treespec.is_leaf()` instead.
/home/zkr-kripto2/Belgeler/uygulama2/.venv/lib/python3.13/site-packages/lightning/pytorch/trainer/connectors/data_connector.py:485: Your `predict_dataloader`'s sampler has shuffling enabled, it is strongly recommended that you turn shuffling off for val/test dataloaders.
/home/zkr-kripto2/Belgeler/uygulama2/.venv/lib/python3.13/site-packages/lightning/pytorch/trainer/connectors/data_connector.py:434: The 'predict_dataloader' does not have many workers which may be a bottleneck. Consider increasing the value of the `num_workers` argument` to `num_workers=15` in the `DataLoader` to improve performance.
GPU available: True (cuda), used: True
TPU available: False, using: 0 TPU cores
💡 Tip: For seamless cloud logging and experiment tracking, try installing [litlogger](https://pypi.org/project/litlogger/) to enable LitLogger, which logs metrics and artifacts automatically to the Lightning Experiments platform.
💡 Tip: For seamless cloud uploads and versioning, try installing [litmodels](https://pypi.org/project/litmodels/) to enable LitModelCheckpoint, which syncs automatically with the Lightning model registry.
LOCAL_RANK: 0 - CUDA_VISIBLE_DEVICES: [0]
/home/zkr-kripto2/Belgeler/uygulama2/.venv/lib/python3.13/site-packages/lightning/pytorch/utilities/_pytree.py:21: `isinstance(treespec, LeafSpec)` is deprecated, use `isinstance(treespec, TreeSpec) and treespec.is_leaf()` instead.
/home/zkr-kripto2/Belgeler/uygulama2/.venv/lib/python3.13/site-packages/lightning/pytorch/trainer/connectors/data_connector.py:485: Your `predict_dataloader`'s sampler has shuffling enabled, it is strongly recommended that you turn shuffling off for val/test dataloaders.
/home/zkr-kripto2/Belgeler/uygulama2/.venv/lib/python3.13/site-packages/lightning/pytorch/trainer/connectors/data_connector.py:434: The 'predict_dataloader' does not have many workers which may be a bottleneck. Consider increasing the value of the `num_workers` argument` to `num_workers=15` in the `DataLoader` to improve performance.
GPU available: True (cuda), used: True
TPU available: False, using: 0 TPU cores
💡 Tip: For seamless cloud logging and experiment tracking, try installing [litlogger](https://pypi.org/project/litlogger/) to enable LitLogger, which logs metrics and artifacts automatically to the Lightning Experiments platform.
💡 Tip: For seamless cloud uploads and versioning, try installing [litmodels](https://pypi.org/project/litmodels/) to enable LitModelCheckpoint, which syncs automatically with the Lightning model registry.
LOCAL_RANK: 0 - CUDA_VISIBLE_DEVICES: [0]
/home/zkr-kripto2/Belgeler/uygulama2/.venv/lib/python3.13/site-packages/lightning/pytorch/utilities/_pytree.py:21: `isinstance(treespec, LeafSpec)` is deprecated, use `isinstance(treespec, TreeSpec) and treespec.is_leaf()` instead.
/home/zkr-kripto2/Belgeler/uygulama2/.venv/lib/python3.13/site-packages/lightning/pytorch/trainer/connectors/data_connector.py:485: Your `predict_dataloader`'s sampler has shuffling enabled, it is strongly recommended that you turn shuffling off for val/test dataloaders.
/home/zkr-kripto2/Belgeler/uygulama2/.venv/lib/python3.13/site-packages/lightning/pytorch/trainer/connectors/data_connector.py:434: The 'predict_dataloader' does not have many workers which may be a bottleneck. Consider increasing the value of the `num_workers` argument` to `num_workers=15` in the `DataLoader` to improve performance.
127.0.0.1 - - [04/Jun/2026 01:48:40] "GET /api/fng HTTP/1.1" 200 -
127.0.0.1 - - [04/Jun/2026 01:48:49] "GET /api/signals?limit=20 HTTP/1.1" 200 -
127.0.0.1 - - [04/Jun/2026 01:49:40] "GET /api/fng HTTP/1.1" 200 -
GPU available: True (cuda), used: True
TPU available: False, using: 0 TPU cores
💡 Tip: For seamless cloud logging and experiment tracking, try installing [litlogger](https://pypi.org/project/litlogger/) to enable LitLogger, which logs metrics and artifacts automatically to the Lightning Experiments platform.
💡 Tip: For seamless cloud uploads and versioning, try installing [litmodels](https://pypi.org/project/litmodels/) to enable LitModelCheckpoint, which syncs automatically with the Lightning model registry.
LOCAL_RANK: 0 - CUDA_VISIBLE_DEVICES: [0]
/home/zkr-kripto2/Belgeler/uygulama2/.venv/lib/python3.13/site-packages/lightning/pytorch/utilities/_pytree.py:21: `isinstance(treespec, LeafSpec)` is deprecated, use `isinstance(treespec, TreeSpec) and treespec.is_leaf()` instead.
/home/zkr-kripto2/Belgeler/uygulama2/.venv/lib/python3.13/site-packages/lightning/pytorch/trainer/connectors/data_connector.py:485: Your `predict_dataloader`'s sampler has shuffling enabled, it is strongly recommended that you turn shuffling off for val/test dataloaders.
/home/zkr-kripto2/Belgeler/uygulama2/.venv/lib/python3.13/site-packages/lightning/pytorch/trainer/connectors/data_connector.py:434: The 'predict_dataloader' does not have many workers which may be a bottleneck. Consider increasing the value of the `num_workers` argument` to `num_workers=15` in the `DataLoader` to improve performance.
GPU available: True (cuda), used: True
TPU available: False, using: 0 TPU cores
💡 Tip: For seamless cloud logging and experiment tracking, try installing [litlogger](https://pypi.org/project/litlogger/) to enable LitLogger, which logs metrics and artifacts automatically to the Lightning Experiments platform.
💡 Tip: For seamless cloud uploads and versioning, try installing [litmodels](https://pypi.org/project/litmodels/) to enable LitModelCheckpoint, which syncs automatically with the Lightning model registry.
LOCAL_RANK: 0 - CUDA_VISIBLE_DEVICES: [0]
/home/zkr-kripto2/Belgeler/uygulama2/.venv/lib/python3.13/site-packages/lightning/pytorch/utilities/_pytree.py:21: `isinstance(treespec, LeafSpec)` is deprecated, use `isinstance(treespec, TreeSpec) and treespec.is_leaf()` instead.
/home/zkr-kripto2/Belgeler/uygulama2/.venv/lib/python3.13/site-packages/lightning/pytorch/trainer/connectors/data_connector.py:485: Your `predict_dataloader`'s sampler has shuffling enabled, it is strongly recommended that you turn shuffling off for val/test dataloaders.
/home/zkr-kripto2/Belgeler/uygulama2/.venv/lib/python3.13/site-packages/lightning/pytorch/trainer/connectors/data_connector.py:434: The 'predict_dataloader' does not have many workers which may be a bottleneck. Consider increasing the value of the `num_workers` argument` to `num_workers=15` in the `DataLoader` to improve performance.
GPU available: True (cuda), used: True
TPU available: False, using: 0 TPU cores
💡 Tip: For seamless cloud logging and experiment tracking, try installing [litlogger](https://pypi.org/project/litlogger/) to enable LitLogger, which logs metrics and artifacts automatically to the Lightning Experiments platform.
💡 Tip: For seamless cloud uploads and versioning, try installing [litmodels](https://pypi.org/project/litmodels/) to enable LitModelCheckpoint, which syncs automatically with the Lightning model registry.
LOCAL_RANK: 0 - CUDA_VISIBLE_DEVICES: [0]
/home/zkr-kripto2/Belgeler/uygulama2/.venv/lib/python3.13/site-packages/lightning/pytorch/utilities/_pytree.py:21: `isinstance(treespec, LeafSpec)` is deprecated, use `isinstance(treespec, TreeSpec) and treespec.is_leaf()` instead.
/home/zkr-kripto2/Belgeler/uygulama2/.venv/lib/python3.13/site-packages/lightning/pytorch/trainer/connectors/data_connector.py:485: Your `predict_dataloader`'s sampler has shuffling enabled, it is strongly recommended that you turn shuffling off for val/test dataloaders.
/home/zkr-kripto2/Belgeler/uygulama2/.venv/lib/python3.13/site-packages/lightning/pytorch/trainer/connectors/data_connector.py:434: The 'predict_dataloader' does not have many workers which may be a bottleneck. Consider increasing the value of the `num_workers` argument` to `num_workers=15` in the `DataLoader` to improve performance.
127.0.0.1 - - [04/Jun/2026 01:49:49] "GET /api/signals?limit=20 HTTP/1.1" 200 -
127.0.0.1 - - [04/Jun/2026 01:50:41] "GET /api/fng HTTP/1.1" 200 -
127.0.0.1 - - [04/Jun/2026 01:50:49] "GET /api/signals?limit=20 HTTP/1.1" 200 -
GPU available: True (cuda), used: True
TPU available: False, using: 0 TPU cores
💡 Tip: For seamless cloud logging and experiment tracking, try installing [litlogger](https://pypi.org/project/litlogger/) to enable LitLogger, which logs metrics and artifacts automatically to the Lightning Experiments platform.
💡 Tip: For seamless cloud uploads and versioning, try installing [litmodels](https://pypi.org/project/litmodels/) to enable LitModelCheckpoint, which syncs automatically with the Lightning model registry.
LOCAL_RANK: 0 - CUDA_VISIBLE_DEVICES: [0]
/home/zkr-kripto2/Belgeler/uygulama2/.venv/lib/python3.13/site-packages/lightning/pytorch/utilities/_pytree.py:21: `isinstance(treespec, LeafSpec)` is deprecated, use `isinstance(treespec, TreeSpec) and treespec.is_leaf()` instead.
/home/zkr-kripto2/Belgeler/uygulama2/.venv/lib/python3.13/site-packages/lightning/pytorch/trainer/connectors/data_connector.py:485: Your `predict_dataloader`'s sampler has shuffling enabled, it is strongly recommended that you turn shuffling off for val/test dataloaders.
/home/zkr-kripto2/Belgeler/uygulama2/.venv/lib/python3.13/site-packages/lightning/pytorch/trainer/connectors/data_connector.py:434: The 'predict_dataloader' does not have many workers which may be a bottleneck. Consider increasing the value of the `num_workers` argument` to `num_workers=15` in the `DataLoader` to improve performance.
GPU available: True (cuda), used: True
TPU available: False, using: 0 TPU cores
💡 Tip: For seamless cloud logging and experiment tracking, try installing [litlogger](https://pypi.org/project/litlogger/) to enable LitLogger, which logs metrics and artifacts automatically to the Lightning Experiments platform.
💡 Tip: For seamless cloud uploads and versioning, try installing [litmodels](https://pypi.org/project/litmodels/) to enable LitModelCheckpoint, which syncs automatically with the Lightning model registry.
LOCAL_RANK: 0 - CUDA_VISIBLE_DEVICES: [0]
/home/zkr-kripto2/Belgeler/uygulama2/.venv/lib/python3.13/site-packages/lightning/pytorch/utilities/_pytree.py:21: `isinstance(treespec, LeafSpec)` is deprecated, use `isinstance(treespec, TreeSpec) and treespec.is_leaf()` instead.
/home/zkr-kripto2/Belgeler/uygulama2/.venv/lib/python3.13/site-packages/lightning/pytorch/trainer/connectors/data_connector.py:485: Your `predict_dataloader`'s sampler has shuffling enabled, it is strongly recommended that you turn shuffling off for val/test dataloaders.
/home/zkr-kripto2/Belgeler/uygulama2/.venv/lib/python3.13/site-packages/lightning/pytorch/trainer/connectors/data_connector.py:434: The 'predict_dataloader' does not have many workers which may be a bottleneck. Consider increasing the value of the `num_workers` argument` to `num_workers=15` in the `DataLoader` to improve performance.
GPU available: True (cuda), used: True
TPU available: False, using: 0 TPU cores
💡 Tip: For seamless cloud logging and experiment tracking, try installing [litlogger](https://pypi.org/project/litlogger/) to enable LitLogger, which logs metrics and artifacts automatically to the Lightning Experiments platform.
💡 Tip: For seamless cloud uploads and versioning, try installing [litmodels](https://pypi.org/project/litmodels/) to enable LitModelCheckpoint, which syncs automatically with the Lightning model registry.
LOCAL_RANK: 0 - CUDA_VISIBLE_DEVICES: [0]
/home/zkr-kripto2/Belgeler/uygulama2/.venv/lib/python3.13/site-packages/lightning/pytorch/utilities/_pytree.py:21: `isinstance(treespec, LeafSpec)` is deprecated, use `isinstance(treespec, TreeSpec) and treespec.is_leaf()` instead.
/home/zkr-kripto2/Belgeler/uygulama2/.venv/lib/python3.13/site-packages/lightning/pytorch/trainer/connectors/data_connector.py:485: Your `predict_dataloader`'s sampler has shuffling enabled, it is strongly recommended that you turn shuffling off for val/test dataloaders.
/home/zkr-kripto2/Belgeler/uygulama2/.venv/lib/python3.13/site-packages/lightning/pytorch/trainer/connectors/data_connector.py:434: The 'predict_dataloader' does not have many workers which may be a bottleneck. Consider increasing the value of the `num_workers` argument` to `num_workers=15` in the `DataLoader` to improve performance.
127.0.0.1 - - [04/Jun/2026 01:51:40] "GET /api/fng HTTP/1.1" 200 -
127.0.0.1 - - [04/Jun/2026 01:51:49] "GET /api/signals?limit=20 HTTP/1.1" 200 -
GPU available: True (cuda), used: True
TPU available: False, using: 0 TPU cores
💡 Tip: For seamless cloud logging and experiment tracking, try installing [litlogger](https://pypi.org/project/litlogger/) to enable LitLogger, which logs metrics and artifacts automatically to the Lightning Experiments platform.
💡 Tip: For seamless cloud uploads and versioning, try installing [litmodels](https://pypi.org/project/litmodels/) to enable LitModelCheckpoint, which syncs automatically with the Lightning model registry.
LOCAL_RANK: 0 - CUDA_VISIBLE_DEVICES: [0]
/home/zkr-kripto2/Belgeler/uygulama2/.venv/lib/python3.13/site-packages/lightning/pytorch/utilities/_pytree.py:21: `isinstance(treespec, LeafSpec)` is deprecated, use `isinstance(treespec, TreeSpec) and treespec.is_leaf()` instead.
/home/zkr-kripto2/Belgeler/uygulama2/.venv/lib/python3.13/site-packages/lightning/pytorch/trainer/connectors/data_connector.py:485: Your `predict_dataloader`'s sampler has shuffling enabled, it is strongly recommended that you turn shuffling off for val/test dataloaders.
/home/zkr-kripto2/Belgeler/uygulama2/.venv/lib/python3.13/site-packages/lightning/pytorch/trainer/connectors/data_connector.py:434: The 'predict_dataloader' does not have many workers which may be a bottleneck. Consider increasing the value of the `num_workers` argument` to `num_workers=15` in the `DataLoader` to improve performance.
GPU available: True (cuda), used: True
TPU available: False, using: 0 TPU cores
💡 Tip: For seamless cloud logging and experiment tracking, try installing [litlogger](https://pypi.org/project/litlogger/) to enable LitLogger, which logs metrics and artifacts automatically to the Lightning Experiments platform.
💡 Tip: For seamless cloud uploads and versioning, try installing [litmodels](https://pypi.org/project/litmodels/) to enable LitModelCheckpoint, which syncs automatically with the Lightning model registry.
LOCAL_RANK: 0 - CUDA_VISIBLE_DEVICES: [0]
/home/zkr-kripto2/Belgeler/uygulama2/.venv/lib/python3.13/site-packages/lightning/pytorch/utilities/_pytree.py:21: `isinstance(treespec, LeafSpec)` is deprecated, use `isinstance(treespec, TreeSpec) and treespec.is_leaf()` instead.
/home/zkr-kripto2/Belgeler/uygulama2/.venv/lib/python3.13/site-packages/lightning/pytorch/trainer/connectors/data_connector.py:485: Your `predict_dataloader`'s sampler has shuffling enabled, it is strongly recommended that you turn shuffling off for val/test dataloaders.
/home/zkr-kripto2/Belgeler/uygulama2/.venv/lib/python3.13/site-packages/lightning/pytorch/trainer/connectors/data_connector.py:434: The 'predict_dataloader' does not have many workers which may be a bottleneck. Consider increasing the value of the `num_workers` argument` to `num_workers=15` in the `DataLoader` to improve performance.
GPU available: True (cuda), used: True
TPU available: False, using: 0 TPU cores
💡 Tip: For seamless cloud logging and experiment tracking, try installing [litlogger](https://pypi.org/project/litlogger/) to enable LitLogger, which logs metrics and artifacts automatically to the Lightning Experiments platform.
💡 Tip: For seamless cloud uploads and versioning, try installing [litmodels](https://pypi.org/project/litmodels/) to enable LitModelCheckpoint, which syncs automatically with the Lightning model registry.
LOCAL_RANK: 0 - CUDA_VISIBLE_DEVICES: [0]
/home/zkr-kripto2/Belgeler/uygulama2/.venv/lib/python3.13/site-packages/lightning/pytorch/utilities/_pytree.py:21: `isinstance(treespec, LeafSpec)` is deprecated, use `isinstance(treespec, TreeSpec) and treespec.is_leaf()` instead.
/home/zkr-kripto2/Belgeler/uygulama2/.venv/lib/python3.13/site-packages/lightning/pytorch/trainer/connectors/data_connector.py:485: Your `predict_dataloader`'s sampler has shuffling enabled, it is strongly recommended that you turn shuffling off for val/test dataloaders.
/home/zkr-kripto2/Belgeler/uygulama2/.venv/lib/python3.13/site-packages/lightning/pytorch/trainer/connectors/data_connector.py:434: The 'predict_dataloader' does not have many workers which may be a bottleneck. Consider increasing the value of the `num_workers` argument` to `num_workers=15` in the `DataLoader` to improve performance.
127.0.0.1 - - [04/Jun/2026 01:52:40] "GET /api/fng HTTP/1.1" 200 -
127.0.0.1 - - [04/Jun/2026 01:52:49] "GET /api/signals?limit=20 HTTP/1.1" 200 -
GPU available: True (cuda), used: True
TPU available: False, using: 0 TPU cores
💡 Tip: For seamless cloud logging and experiment tracking, try installing [litlogger](https://pypi.org/project/litlogger/) to enable LitLogger, which logs metrics and artifacts automatically to the Lightning Experiments platform.
💡 Tip: For seamless cloud uploads and versioning, try installing [litmodels](https://pypi.org/project/litmodels/) to enable LitModelCheckpoint, which syncs automatically with the Lightning model registry.
LOCAL_RANK: 0 - CUDA_VISIBLE_DEVICES: [0]
/home/zkr-kripto2/Belgeler/uygulama2/.venv/lib/python3.13/site-packages/lightning/pytorch/utilities/_pytree.py:21: `isinstance(treespec, LeafSpec)` is deprecated, use `isinstance(treespec, TreeSpec) and treespec.is_leaf()` instead.
/home/zkr-kripto2/Belgeler/uygulama2/.venv/lib/python3.13/site-packages/lightning/pytorch/trainer/connectors/data_connector.py:485: Your `predict_dataloader`'s sampler has shuffling enabled, it is strongly recommended that you turn shuffling off for val/test dataloaders.
/home/zkr-kripto2/Belgeler/uygulama2/.venv/lib/python3.13/site-packages/lightning/pytorch/trainer/connectors/data_connector.py:434: The 'predict_dataloader' does not have many workers which may be a bottleneck. Consider increasing the value of the `num_workers` argument` to `num_workers=15` in the `DataLoader` to improve performance.
GPU available: True (cuda), used: True
TPU available: False, using: 0 TPU cores
💡 Tip: For seamless cloud logging and experiment tracking, try installing [litlogger](https://pypi.org/project/litlogger/) to enable LitLogger, which logs metrics and artifacts automatically to the Lightning Experiments platform.
💡 Tip: For seamless cloud uploads and versioning, try installing [litmodels](https://pypi.org/project/litmodels/) to enable LitModelCheckpoint, which syncs automatically with the Lightning model registry.
LOCAL_RANK: 0 - CUDA_VISIBLE_DEVICES: [0]
/home/zkr-kripto2/Belgeler/uygulama2/.venv/lib/python3.13/site-packages/lightning/pytorch/utilities/_pytree.py:21: `isinstance(treespec, LeafSpec)` is deprecated, use `isinstance(treespec, TreeSpec) and treespec.is_leaf()` instead.
/home/zkr-kripto2/Belgeler/uygulama2/.venv/lib/python3.13/site-packages/lightning/pytorch/trainer/connectors/data_connector.py:485: Your `predict_dataloader`'s sampler has shuffling enabled, it is strongly recommended that you turn shuffling off for val/test dataloaders.
/home/zkr-kripto2/Belgeler/uygulama2/.venv/lib/python3.13/site-packages/lightning/pytorch/trainer/connectors/data_connector.py:434: The 'predict_dataloader' does not have many workers which may be a bottleneck. Consider increasing the value of the `num_workers` argument` to `num_workers=15` in the `DataLoader` to improve performance.
GPU available: True (cuda), used: True
TPU available: False, using: 0 TPU cores
💡 Tip: For seamless cloud logging and experiment tracking, try installing [litlogger](https://pypi.org/project/litlogger/) to enable LitLogger, which logs metrics and artifacts automatically to the Lightning Experiments platform.
💡 Tip: For seamless cloud uploads and versioning, try installing [litmodels](https://pypi.org/project/litmodels/) to enable LitModelCheckpoint, which syncs automatically with the Lightning model registry.
LOCAL_RANK: 0 - CUDA_VISIBLE_DEVICES: [0]
/home/zkr-kripto2/Belgeler/uygulama2/.venv/lib/python3.13/site-packages/lightning/pytorch/utilities/_pytree.py:21: `isinstance(treespec, LeafSpec)` is deprecated, use `isinstance(treespec, TreeSpec) and treespec.is_leaf()` instead.
/home/zkr-kripto2/Belgeler/uygulama2/.venv/lib/python3.13/site-packages/lightning/pytorch/trainer/connectors/data_connector.py:485: Your `predict_dataloader`'s sampler has shuffling enabled, it is strongly recommended that you turn shuffling off for val/test dataloaders.
/home/zkr-kripto2/Belgeler/uygulama2/.venv/lib/python3.13/site-packages/lightning/pytorch/trainer/connectors/data_connector.py:434: The 'predict_dataloader' does not have many workers which may be a bottleneck. Consider increasing the value of the `num_workers` argument` to `num_workers=15` in the `DataLoader` to improve performance.
127.0.0.1 - - [04/Jun/2026 01:53:40] "GET /api/fng HTTP/1.1" 200 -
127.0.0.1 - - [04/Jun/2026 01:53:49] "GET /api/signals?limit=20 HTTP/1.1" 200 -
127.0.0.1 - - [04/Jun/2026 01:53:50] "[31m[1mGET /api/ai/signal/ZECUSDT HTTP/1.1[0m" 400 -
127.0.0.1 - - [04/Jun/2026 01:54:00] "[35m[1mGET /socket.io/?EIO=4&transport=websocket HTTP/1.1[0m" 500 -
Error on request:
Traceback (most recent call last):
  File "/home/zkr-kripto2/Belgeler/uygulama2/.venv/lib/python3.13/site-packages/werkzeug/serving.py", line 370, in run_wsgi
    execute(self.server.app)
    ~~~~~~~^^^^^^^^^^^^^^^^^
  File "/home/zkr-kripto2/Belgeler/uygulama2/.venv/lib/python3.13/site-packages/werkzeug/serving.py", line 336, in execute
    write(b"")
    ~~~~~^^^^^
  File "/home/zkr-kripto2/Belgeler/uygulama2/.venv/lib/python3.13/site-packages/werkzeug/serving.py", line 261, in write
    assert status_set is not None, "write() before start_response"
           ^^^^^^^^^^^^^^^^^^^^^^
AssertionError: write() before start_response
